// Jest Snapshot v1, https://goo.gl/fbAQLP

exports[`Account Tooltip component renders component correctly renders account information 1`] = `
<div>
  <div
    class="absolute top-full bg-canvas-light rounded-[4px] shadow-[0_1px_3px_0px_rgba(0,0,0,0.2)] max-w-[380px] min-w-[240px] z-50 cursor-auto"
  >
    <div
      class="p-[12px]"
    >
      <div
        class="w-full flex mb-[12px]"
      >
        <img
          alt="avatar for Test123"
          class="rounded-full object-cover align-middle overflow-hidden h-[32px] w-[32px] mr-[8px] shrink-0"
          src="fake-avatar.jpg"
        />
        <div>
          <a
            class="text-[16px] font-medium leading-[20px] mr-[4px] inline-block"
            href="/profile/Test123"
          >
            u/Test123
          </a>
          <div
            class="text-[12px] leading-[16px] text-meta-text"
          >
            <div
              class="inline-block"
            >
              u/Test123
              <div
                class="mx-[3px] inline-block"
              >
                â€¢
              </div>
            </div>
            <div
              class="inline-block"
            >
              Test days
               ago
            </div>
          </div>
        </div>
      </div>
      <a
        class="bg-primary-500 hover:bg-primary-400 active:bg-primary-300 text-white min-h-[32px] flex items-center justify-center font-noto text-[14px] leading-[17px] font-bold py-[4px] px-[16px] rounded-full w-full cursor-pointer inline-block text-center disabled:cursor-not-allowed disabled:grayscale disabled:text-gray-300 whitespace-nowrap undefined"
        href="/profile/Test123"
      >
        View Profile
      </a>
    </div>
  </div>
</div>
`;
