// Jest Snapshot v1, https://goo.gl/fbAQLP

exports[`Community Tooltip component renders component correctly renders community information 1`] = `
<div>
  <div
    class="absolute top-full bg-canvas-light rounded-[4px] shadow-[0_1px_3px_0px_rgba(0,0,0,0.2)] max-w-[380px] min-w-[240px] z-50 cursor-auto"
  >
    <div
      class="p-[12px]"
    >
      <div
        class="w-full flex"
      >
        <img
          alt="avatar for c/TEST"
          class="rounded-full object-cover align-middle overflow-hidden h-[32px] w-[32px] mr-[8px] shrink-0 bg-canvas-light"
          src="fake-avatar.jpg"
        />
        <a
          class="text-[16px] font-medium leading-[20px] items-center flex"
          href="/c/TEST"
        >
          c/TEST
        </a>
      </div>
      <div
        class="py-[8px]"
      >
        <div
          class="text-[16px] font-medium leading-[20px]"
        >
          23
        </div>
        <div
          class="text-[12px] leading-[16px] text-meta-text"
        >
          Members
        </div>
      </div>
      <div
        class="text-[12px] leading-[16px] break-words py-[8px]"
        data-testid="description"
      >
        Test description
      </div>
      <a
        class="min-h-[32px] flex items-center justify-center font-noto text-[14px] leading-[17px] font-bold py-[4px] px-[16px] rounded-full w-full cursor-pointer inline-block text-center disabled:cursor-not-allowed disabled:grayscale disabled:text-gray-300 whitespace-nowrap bg-primary-500 hover:bg-primary-400 active:bg-primary-300 text-white"
        href="/c/TEST"
      >
        View Community
      </a>
    </div>
  </div>
</div>
`;
