// Jest Snapshot v1, https://goo.gl/fbAQLP

exports[`EmptyFeed component rendering component correctly renders component with children 1`] = `
<div>
  <div
    class="flex flex-col justify-center items-center h-full min-h-[380px] text-center relative"
  >
    <div
      class="absolute left-0 top-0 w-full opacity-[0.4] bg-none"
    >
      <div />
      <div />
      <div />
      <div />
      <div />
      <div />
      <div />
      <div />
      <div />
    </div>
    <div
      class="w-full h-full relative"
    >
      <div
        class="w-[80%] mx-auto my-[80px]"
      >
        <p>
          Children to be rendered
        </p>
        <button>
          Render me!
        </button>
      </div>
    </div>
  </div>
</div>
`;
